
Administrator@PC-202001071102 MINGW64 /c/test
$ git init
Initialized empty Git repository in C:/test/.git/

Administrator@PC-202001071102 MINGW64 /c/test (master)
$ touch test.txt

Administrator@PC-202001071102 MINGW64 /c/test (master)
$ git status
On branch master

No commits yet

Untracked files:
  (use "git add <file>..." to include in what will be committed)
        test.txt

nothing added to commit but untracked files present (use "git add" to track)

Administrator@PC-202001071102 MINGW64 /c/test (master)
$ git add test.txt

Administrator@PC-202001071102 MINGW64 /c/test (master)
$ git commit -m 首次提交
[master (root-commit) 869ec82] 首次提交
 1 file changed, 0 insertions(+), 0 deletions(-)
 create mode 100644 test.txt

Administrator@PC-202001071102 MINGW64 /c/test (master)
$ git remote add origin https://github.com/yan1213/demo002.git

Administrator@PC-202001071102 MINGW64 /c/test (master)
$ git push origin master
Enumerating objects: 3, done.
Counting objects: 100% (3/3), done.
Writing objects: 100% (3/3), 220 bytes | 73.00 KiB/s, done.
Total 3 (delta 0), reused 0 (delta 0)
To https://github.com/yan1213/demo002.git
 * [new branch]      master -> master

Administrator@PC-202001071102 MINGW64 /c/test (master)
$ git status
On branch master
nothing to commit, working tree clean

Administrator@PC-202001071102 MINGW64 /c/test (master)
$
